{
  "layerCount": 1,
  "layers": [
    {
      "layer": "geometry-extravaganza",
      "count": 4,
      "attributeCount": 3,
      "attributes": [
        {
          "values": [
            "bar",
            null
          ],
          "count": 2,
          "attribute": "foo",
          "type": "String"
        },
        {
          "values": [
            1,
            null
          ],
          "count": 2,
          "attribute": "bar",
          "type": "Number",
          "min": 1,
          "max": 1
        },
        {
          "values": [
            "doo"
          ],
          "count": 1,
          "attribute": "doodoo",
          "type": "String"
        }
      ],
      "geometry": "MultiPoint"
    }
  ]
}
