{
  "layerCount": 1,
  "layers": [
    {
      "layer": "many-types",
      "count": 52,
      "attributeCount": 7,
      "attributes": [
        {
          "values": [
            true
          ],
          "count": 1,
          "attribute": "astonishing",
          "type": "boolean"
        },
        {
          "values": [
            7,
            "7"
          ],
          "count": 2,
          "attribute": "mixed",
          "type": "mixed",
          "min": 7,
          "max": 7
        },
        {
          "values": [
            "foo",
            "bar",
            "baz",
            "haha",
            "hoho",
            "hehe"
          ],
          "count": 6,
          "attribute": "name",
          "type": "string"
        },
        {
          "values": [
            "[1,2,3]"
          ],
          "count": 1,
          "attribute": "numbers",
          "type": "string"
        },
        {
          "values": [
            6,
            99,
            86
          ],
          "count": 3,
          "attribute": "power",
          "type": "number",
          "min": 6,
          "max": 99
        },
        {
          "values": [
            6,
            "{\"foo\":\"bar\"}"
          ],
          "count": 2,
          "attribute": "data",
          "type": "mixed",
          "min": 6,
          "max": 6
        },
        {
          "values": [],
          "count": 1,
          "attribute": "description",
          "type": "string"
        }
      ],
      "geometry": "Point"
    }
  ]
}
