{
  "layerCount": 1,
  "layers": [
    {
      "layer": "myriad-values",
      "count": 10010,
      "attributeCount": 10,
      "attributes": [
        {
          "values": [
            "0-value-0",
            "1-value-0",
            "2-value-0",
            "3-value-0",
            "4-value-0",
            "5-value-0",
            "6-value-0",
            "7-value-0",
            "8-value-0",
            "9-value-0",
            "10-value-0",
            "11-value-0",
            "12-value-0",
            "13-value-0",
            "14-value-0",
            "15-value-0",
            "16-value-0",
            "17-value-0",
            "18-value-0",
            "19-value-0",
            "20-value-0",
            "21-value-0",
            "22-value-0",
            "23-value-0",
            "24-value-0",
            "25-value-0",
            "26-value-0",
            "27-value-0",
            "28-value-0",
            "29-value-0",
            "30-value-0",
            "31-value-0",
            "32-value-0",
            "33-value-0",
            "34-value-0",
            "35-value-0",
            "36-value-0",
            "37-value-0",
            "38-value-0",
            "39-value-0",
            "40-value-0",
            "41-value-0",
            "42-value-0",
            "43-value-0",
            "44-value-0",
            "45-value-0",
            "46-value-0",
            "47-value-0",
            "48-value-0",
            "49-value-0",
            "50-value-0",
            "51-value-0",
            "52-value-0",
            "53-value-0",
            "54-value-0",
            "55-value-0",
            "56-value-0",
            "57-value-0",
            "58-value-0",
            "59-value-0",
            "60-value-0",
            "61-value-0",
            "62-value-0",
            "63-value-0",
            "64-value-0",
            "65-value-0",
            "66-value-0",
            "67-value-0",
            "68-value-0",
            "69-value-0",
            "70-value-0",
            "71-value-0",
            "72-value-0",
            "73-value-0",
            "74-value-0",
            "75-value-0",
            "76-value-0",
            "77-value-0",
            "78-value-0",
            "79-value-0",
            "80-value-0",
            "81-value-0",
            "82-value-0",
            "83-value-0",
            "84-value-0",
            "85-value-0",
            "86-value-0",
            "87-value-0",
            "88-value-0",
            "89-value-0",
            "90-value-0",
            "91-value-0",
            "92-value-0",
            "93-value-0",
            "94-value-0",
            "95-value-0",
            "96-value-0",
            "97-value-0",
            "98-value-0",
            "99-value-0"
          ],
          "count": 1000,
          "attribute": "prop-0",
          "type": "String"
        },
        {
          "values": [
            "0-value-1",
            "1-value-1",
            "2-value-1",
            "3-value-1",
            "4-value-1",
            "5-value-1",
            "6-value-1",
            "7-value-1",
            "8-value-1",
            "9-value-1",
            "10-value-1",
            "11-value-1",
            "12-value-1",
            "13-value-1",
            "14-value-1",
            "15-value-1",
            "16-value-1",
            "17-value-1",
            "18-value-1",
            "19-value-1",
            "20-value-1",
            "21-value-1",
            "22-value-1",
            "23-value-1",
            "24-value-1",
            "25-value-1",
            "26-value-1",
            "27-value-1",
            "28-value-1",
            "29-value-1",
            "30-value-1",
            "31-value-1",
            "32-value-1",
            "33-value-1",
            "34-value-1",
            "35-value-1",
            "36-value-1",
            "37-value-1",
            "38-value-1",
            "39-value-1",
            "40-value-1",
            "41-value-1",
            "42-value-1",
            "43-value-1",
            "44-value-1",
            "45-value-1",
            "46-value-1",
            "47-value-1",
            "48-value-1",
            "49-value-1",
            "50-value-1",
            "51-value-1",
            "52-value-1",
            "53-value-1",
            "54-value-1",
            "55-value-1",
            "56-value-1",
            "57-value-1",
            "58-value-1",
            "59-value-1",
            "60-value-1",
            "61-value-1",
            "62-value-1",
            "63-value-1",
            "64-value-1",
            "65-value-1",
            "66-value-1",
            "67-value-1",
            "68-value-1",
            "69-value-1",
            "70-value-1",
            "71-value-1",
            "72-value-1",
            "73-value-1",
            "74-value-1",
            "75-value-1",
            "76-value-1",
            "77-value-1",
            "78-value-1",
            "79-value-1",
            "80-value-1",
            "81-value-1",
            "82-value-1",
            "83-value-1",
            "84-value-1",
            "85-value-1",
            "86-value-1",
            "87-value-1",
            "88-value-1",
            "89-value-1",
            "90-value-1",
            "91-value-1",
            "92-value-1",
            "93-value-1",
            "94-value-1",
            "95-value-1",
            "96-value-1",
            "97-value-1",
            "98-value-1",
            "99-value-1"
          ],
          "count": 1000,
          "attribute": "prop-1",
          "type": "String"
        },
        {
          "values": [
            "0-value-2",
            "1-value-2",
            "2-value-2",
            "3-value-2",
            "4-value-2",
            "5-value-2",
            "6-value-2",
            "7-value-2",
            "8-value-2",
            "9-value-2",
            "10-value-2",
            "11-value-2",
            "12-value-2",
            "13-value-2",
            "14-value-2",
            "15-value-2",
            "16-value-2",
            "17-value-2",
            "18-value-2",
            "19-value-2",
            "20-value-2",
            "21-value-2",
            "22-value-2",
            "23-value-2",
            "24-value-2",
            "25-value-2",
            "26-value-2",
            "27-value-2",
            "28-value-2",
            "29-value-2",
            "30-value-2",
            "31-value-2",
            "32-value-2",
            "33-value-2",
            "34-value-2",
            "35-value-2",
            "36-value-2",
            "37-value-2",
            "38-value-2",
            "39-value-2",
            "40-value-2",
            "41-value-2",
            "42-value-2",
            "43-value-2",
            "44-value-2",
            "45-value-2",
            "46-value-2",
            "47-value-2",
            "48-value-2",
            "49-value-2",
            "50-value-2",
            "51-value-2",
            "52-value-2",
            "53-value-2",
            "54-value-2",
            "55-value-2",
            "56-value-2",
            "57-value-2",
            "58-value-2",
            "59-value-2",
            "60-value-2",
            "61-value-2",
            "62-value-2",
            "63-value-2",
            "64-value-2",
            "65-value-2",
            "66-value-2",
            "67-value-2",
            "68-value-2",
            "69-value-2",
            "70-value-2",
            "71-value-2",
            "72-value-2",
            "73-value-2",
            "74-value-2",
            "75-value-2",
            "76-value-2",
            "77-value-2",
            "78-value-2",
            "79-value-2",
            "80-value-2",
            "81-value-2",
            "82-value-2",
            "83-value-2",
            "84-value-2",
            "85-value-2",
            "86-value-2",
            "87-value-2",
            "88-value-2",
            "89-value-2",
            "90-value-2",
            "91-value-2",
            "92-value-2",
            "93-value-2",
            "94-value-2",
            "95-value-2",
            "96-value-2",
            "97-value-2",
            "98-value-2",
            "99-value-2"
          ],
          "count": 1000,
          "attribute": "prop-2",
          "type": "String"
        },
        {
          "values": [
            "0-value-3",
            "1-value-3",
            "2-value-3",
            "3-value-3",
            "4-value-3",
            "5-value-3",
            "6-value-3",
            "7-value-3",
            "8-value-3",
            "9-value-3",
            "10-value-3",
            "11-value-3",
            "12-value-3",
            "13-value-3",
            "14-value-3",
            "15-value-3",
            "16-value-3",
            "17-value-3",
            "18-value-3",
            "19-value-3",
            "20-value-3",
            "21-value-3",
            "22-value-3",
            "23-value-3",
            "24-value-3",
            "25-value-3",
            "26-value-3",
            "27-value-3",
            "28-value-3",
            "29-value-3",
            "30-value-3",
            "31-value-3",
            "32-value-3",
            "33-value-3",
            "34-value-3",
            "35-value-3",
            "36-value-3",
            "37-value-3",
            "38-value-3",
            "39-value-3",
            "40-value-3",
            "41-value-3",
            "42-value-3",
            "43-value-3",
            "44-value-3",
            "45-value-3",
            "46-value-3",
            "47-value-3",
            "48-value-3",
            "49-value-3",
            "50-value-3",
            "51-value-3",
            "52-value-3",
            "53-value-3",
            "54-value-3",
            "55-value-3",
            "56-value-3",
            "57-value-3",
            "58-value-3",
            "59-value-3",
            "60-value-3",
            "61-value-3",
            "62-value-3",
            "63-value-3",
            "64-value-3",
            "65-value-3",
            "66-value-3",
            "67-value-3",
            "68-value-3",
            "69-value-3",
            "70-value-3",
            "71-value-3",
            "72-value-3",
            "73-value-3",
            "74-value-3",
            "75-value-3",
            "76-value-3",
            "77-value-3",
            "78-value-3",
            "79-value-3",
            "80-value-3",
            "81-value-3",
            "82-value-3",
            "83-value-3",
            "84-value-3",
            "85-value-3",
            "86-value-3",
            "87-value-3",
            "88-value-3",
            "89-value-3",
            "90-value-3",
            "91-value-3",
            "92-value-3",
            "93-value-3",
            "94-value-3",
            "95-value-3",
            "96-value-3",
            "97-value-3",
            "98-value-3",
            "99-value-3"
          ],
          "count": 1000,
          "attribute": "prop-3",
          "type": "String"
        },
        {
          "values": [
            "0-value-4",
            "1-value-4",
            "2-value-4",
            "3-value-4",
            "4-value-4",
            "5-value-4",
            "6-value-4",
            "7-value-4",
            "8-value-4",
            "9-value-4",
            "10-value-4",
            "11-value-4",
            "12-value-4",
            "13-value-4",
            "14-value-4",
            "15-value-4",
            "16-value-4",
            "17-value-4",
            "18-value-4",
            "19-value-4",
            "20-value-4",
            "21-value-4",
            "22-value-4",
            "23-value-4",
            "24-value-4",
            "25-value-4",
            "26-value-4",
            "27-value-4",
            "28-value-4",
            "29-value-4",
            "30-value-4",
            "31-value-4",
            "32-value-4",
            "33-value-4",
            "34-value-4",
            "35-value-4",
            "36-value-4",
            "37-value-4",
            "38-value-4",
            "39-value-4",
            "40-value-4",
            "41-value-4",
            "42-value-4",
            "43-value-4",
            "44-value-4",
            "45-value-4",
            "46-value-4",
            "47-value-4",
            "48-value-4",
            "49-value-4",
            "50-value-4",
            "51-value-4",
            "52-value-4",
            "53-value-4",
            "54-value-4",
            "55-value-4",
            "56-value-4",
            "57-value-4",
            "58-value-4",
            "59-value-4",
            "60-value-4",
            "61-value-4",
            "62-value-4",
            "63-value-4",
            "64-value-4",
            "65-value-4",
            "66-value-4",
            "67-value-4",
            "68-value-4",
            "69-value-4",
            "70-value-4",
            "71-value-4",
            "72-value-4",
            "73-value-4",
            "74-value-4",
            "75-value-4",
            "76-value-4",
            "77-value-4",
            "78-value-4",
            "79-value-4",
            "80-value-4",
            "81-value-4",
            "82-value-4",
            "83-value-4",
            "84-value-4",
            "85-value-4",
            "86-value-4",
            "87-value-4",
            "88-value-4",
            "89-value-4",
            "90-value-4",
            "91-value-4",
            "92-value-4",
            "93-value-4",
            "94-value-4",
            "95-value-4",
            "96-value-4",
            "97-value-4",
            "98-value-4",
            "99-value-4"
          ],
          "count": 1000,
          "attribute": "prop-4",
          "type": "String"
        },
        {
          "values": [
            "0-value-5",
            "1-value-5",
            "2-value-5",
            "3-value-5",
            "4-value-5",
            "5-value-5",
            "6-value-5",
            "7-value-5",
            "8-value-5",
            "9-value-5",
            "10-value-5",
            "11-value-5",
            "12-value-5",
            "13-value-5",
            "14-value-5",
            "15-value-5",
            "16-value-5",
            "17-value-5",
            "18-value-5",
            "19-value-5",
            "20-value-5",
            "21-value-5",
            "22-value-5",
            "23-value-5",
            "24-value-5",
            "25-value-5",
            "26-value-5",
            "27-value-5",
            "28-value-5",
            "29-value-5",
            "30-value-5",
            "31-value-5",
            "32-value-5",
            "33-value-5",
            "34-value-5",
            "35-value-5",
            "36-value-5",
            "37-value-5",
            "38-value-5",
            "39-value-5",
            "40-value-5",
            "41-value-5",
            "42-value-5",
            "43-value-5",
            "44-value-5",
            "45-value-5",
            "46-value-5",
            "47-value-5",
            "48-value-5",
            "49-value-5",
            "50-value-5",
            "51-value-5",
            "52-value-5",
            "53-value-5",
            "54-value-5",
            "55-value-5",
            "56-value-5",
            "57-value-5",
            "58-value-5",
            "59-value-5",
            "60-value-5",
            "61-value-5",
            "62-value-5",
            "63-value-5",
            "64-value-5",
            "65-value-5",
            "66-value-5",
            "67-value-5",
            "68-value-5",
            "69-value-5",
            "70-value-5",
            "71-value-5",
            "72-value-5",
            "73-value-5",
            "74-value-5",
            "75-value-5",
            "76-value-5",
            "77-value-5",
            "78-value-5",
            "79-value-5",
            "80-value-5",
            "81-value-5",
            "82-value-5",
            "83-value-5",
            "84-value-5",
            "85-value-5",
            "86-value-5",
            "87-value-5",
            "88-value-5",
            "89-value-5",
            "90-value-5",
            "91-value-5",
            "92-value-5",
            "93-value-5",
            "94-value-5",
            "95-value-5",
            "96-value-5",
            "97-value-5",
            "98-value-5",
            "99-value-5"
          ],
          "count": 1000,
          "attribute": "prop-5",
          "type": "String"
        },
        {
          "values": [
            "0-value-6",
            "1-value-6",
            "2-value-6",
            "3-value-6",
            "4-value-6",
            "5-value-6",
            "6-value-6",
            "7-value-6",
            "8-value-6",
            "9-value-6",
            "10-value-6",
            "11-value-6",
            "12-value-6",
            "13-value-6",
            "14-value-6",
            "15-value-6",
            "16-value-6",
            "17-value-6",
            "18-value-6",
            "19-value-6",
            "20-value-6",
            "21-value-6",
            "22-value-6",
            "23-value-6",
            "24-value-6",
            "25-value-6",
            "26-value-6",
            "27-value-6",
            "28-value-6",
            "29-value-6",
            "30-value-6",
            "31-value-6",
            "32-value-6",
            "33-value-6",
            "34-value-6",
            "35-value-6",
            "36-value-6",
            "37-value-6",
            "38-value-6",
            "39-value-6",
            "40-value-6",
            "41-value-6",
            "42-value-6",
            "43-value-6",
            "44-value-6",
            "45-value-6",
            "46-value-6",
            "47-value-6",
            "48-value-6",
            "49-value-6",
            "50-value-6",
            "51-value-6",
            "52-value-6",
            "53-value-6",
            "54-value-6",
            "55-value-6",
            "56-value-6",
            "57-value-6",
            "58-value-6",
            "59-value-6",
            "60-value-6",
            "61-value-6",
            "62-value-6",
            "63-value-6",
            "64-value-6",
            "65-value-6",
            "66-value-6",
            "67-value-6",
            "68-value-6",
            "69-value-6",
            "70-value-6",
            "71-value-6",
            "72-value-6",
            "73-value-6",
            "74-value-6",
            "75-value-6",
            "76-value-6",
            "77-value-6",
            "78-value-6",
            "79-value-6",
            "80-value-6",
            "81-value-6",
            "82-value-6",
            "83-value-6",
            "84-value-6",
            "85-value-6",
            "86-value-6",
            "87-value-6",
            "88-value-6",
            "89-value-6",
            "90-value-6",
            "91-value-6",
            "92-value-6",
            "93-value-6",
            "94-value-6",
            "95-value-6",
            "96-value-6",
            "97-value-6",
            "98-value-6",
            "99-value-6"
          ],
          "count": 1000,
          "attribute": "prop-6",
          "type": "String"
        },
        {
          "values": [
            "0-value-7",
            "1-value-7",
            "2-value-7",
            "3-value-7",
            "4-value-7",
            "5-value-7",
            "6-value-7",
            "7-value-7",
            "8-value-7",
            "9-value-7",
            "10-value-7",
            "11-value-7",
            "12-value-7",
            "13-value-7",
            "14-value-7",
            "15-value-7",
            "16-value-7",
            "17-value-7",
            "18-value-7",
            "19-value-7",
            "20-value-7",
            "21-value-7",
            "22-value-7",
            "23-value-7",
            "24-value-7",
            "25-value-7",
            "26-value-7",
            "27-value-7",
            "28-value-7",
            "29-value-7",
            "30-value-7",
            "31-value-7",
            "32-value-7",
            "33-value-7",
            "34-value-7",
            "35-value-7",
            "36-value-7",
            "37-value-7",
            "38-value-7",
            "39-value-7",
            "40-value-7",
            "41-value-7",
            "42-value-7",
            "43-value-7",
            "44-value-7",
            "45-value-7",
            "46-value-7",
            "47-value-7",
            "48-value-7",
            "49-value-7",
            "50-value-7",
            "51-value-7",
            "52-value-7",
            "53-value-7",
            "54-value-7",
            "55-value-7",
            "56-value-7",
            "57-value-7",
            "58-value-7",
            "59-value-7",
            "60-value-7",
            "61-value-7",
            "62-value-7",
            "63-value-7",
            "64-value-7",
            "65-value-7",
            "66-value-7",
            "67-value-7",
            "68-value-7",
            "69-value-7",
            "70-value-7",
            "71-value-7",
            "72-value-7",
            "73-value-7",
            "74-value-7",
            "75-value-7",
            "76-value-7",
            "77-value-7",
            "78-value-7",
            "79-value-7",
            "80-value-7",
            "81-value-7",
            "82-value-7",
            "83-value-7",
            "84-value-7",
            "85-value-7",
            "86-value-7",
            "87-value-7",
            "88-value-7",
            "89-value-7",
            "90-value-7",
            "91-value-7",
            "92-value-7",
            "93-value-7",
            "94-value-7",
            "95-value-7",
            "96-value-7",
            "97-value-7",
            "98-value-7",
            "99-value-7"
          ],
          "count": 1000,
          "attribute": "prop-7",
          "type": "String"
        },
        {
          "values": [
            "0-value-8",
            "1-value-8",
            "2-value-8",
            "3-value-8",
            "4-value-8",
            "5-value-8",
            "6-value-8",
            "7-value-8",
            "8-value-8",
            "9-value-8",
            "10-value-8",
            "11-value-8",
            "12-value-8",
            "13-value-8",
            "14-value-8",
            "15-value-8",
            "16-value-8",
            "17-value-8",
            "18-value-8",
            "19-value-8",
            "20-value-8",
            "21-value-8",
            "22-value-8",
            "23-value-8",
            "24-value-8",
            "25-value-8",
            "26-value-8",
            "27-value-8",
            "28-value-8",
            "29-value-8",
            "30-value-8",
            "31-value-8",
            "32-value-8",
            "33-value-8",
            "34-value-8",
            "35-value-8",
            "36-value-8",
            "37-value-8",
            "38-value-8",
            "39-value-8",
            "40-value-8",
            "41-value-8",
            "42-value-8",
            "43-value-8",
            "44-value-8",
            "45-value-8",
            "46-value-8",
            "47-value-8",
            "48-value-8",
            "49-value-8",
            "50-value-8",
            "51-value-8",
            "52-value-8",
            "53-value-8",
            "54-value-8",
            "55-value-8",
            "56-value-8",
            "57-value-8",
            "58-value-8",
            "59-value-8",
            "60-value-8",
            "61-value-8",
            "62-value-8",
            "63-value-8",
            "64-value-8",
            "65-value-8",
            "66-value-8",
            "67-value-8",
            "68-value-8",
            "69-value-8",
            "70-value-8",
            "71-value-8",
            "72-value-8",
            "73-value-8",
            "74-value-8",
            "75-value-8",
            "76-value-8",
            "77-value-8",
            "78-value-8",
            "79-value-8",
            "80-value-8",
            "81-value-8",
            "82-value-8",
            "83-value-8",
            "84-value-8",
            "85-value-8",
            "86-value-8",
            "87-value-8",
            "88-value-8",
            "89-value-8",
            "90-value-8",
            "91-value-8",
            "92-value-8",
            "93-value-8",
            "94-value-8",
            "95-value-8",
            "96-value-8",
            "97-value-8",
            "98-value-8",
            "99-value-8"
          ],
          "count": 1000,
          "attribute": "prop-8",
          "type": "String"
        },
        {
          "values": [
            "0-value-9",
            "1-value-9",
            "2-value-9",
            "3-value-9",
            "4-value-9",
            "5-value-9",
            "6-value-9",
            "7-value-9",
            "8-value-9",
            "9-value-9",
            "10-value-9",
            "11-value-9",
            "12-value-9",
            "13-value-9",
            "14-value-9",
            "15-value-9",
            "16-value-9",
            "17-value-9",
            "18-value-9",
            "19-value-9",
            "20-value-9",
            "21-value-9",
            "22-value-9",
            "23-value-9",
            "24-value-9",
            "25-value-9",
            "26-value-9",
            "27-value-9",
            "28-value-9",
            "29-value-9",
            "30-value-9",
            "31-value-9",
            "32-value-9",
            "33-value-9",
            "34-value-9",
            "35-value-9",
            "36-value-9",
            "37-value-9",
            "38-value-9",
            "39-value-9",
            "40-value-9",
            "41-value-9",
            "42-value-9",
            "43-value-9",
            "44-value-9",
            "45-value-9",
            "46-value-9",
            "47-value-9",
            "48-value-9",
            "49-value-9",
            "50-value-9",
            "51-value-9",
            "52-value-9",
            "53-value-9",
            "54-value-9",
            "55-value-9",
            "56-value-9",
            "57-value-9",
            "58-value-9",
            "59-value-9",
            "60-value-9",
            "61-value-9",
            "62-value-9",
            "63-value-9",
            "64-value-9",
            "65-value-9",
            "66-value-9",
            "67-value-9",
            "68-value-9",
            "69-value-9",
            "70-value-9",
            "71-value-9",
            "72-value-9",
            "73-value-9",
            "74-value-9",
            "75-value-9",
            "76-value-9",
            "77-value-9",
            "78-value-9",
            "79-value-9",
            "80-value-9",
            "81-value-9",
            "82-value-9",
            "83-value-9",
            "84-value-9",
            "85-value-9",
            "86-value-9",
            "87-value-9",
            "88-value-9",
            "89-value-9",
            "90-value-9",
            "91-value-9",
            "92-value-9",
            "93-value-9",
            "94-value-9",
            "95-value-9",
            "96-value-9",
            "97-value-9",
            "98-value-9",
            "99-value-9"
          ],
          "count": 1000,
          "attribute": "prop-9",
          "type": "String"
        }
      ],
      "geometry": "Point"
    }
  ]
}
