{
  "layerCount": 1,
  "layers": [
    {
      "layer": "no-features",
      "count": 0,
      "attributeCount": 0,
      "attributes": []
    }
  ]
}
