{
  "layers": [
    {
      "layer": "ports",
      "count": 1081,
      "attributeCount": 5,
      "attributes": [
        {
          "values": [
            "Port"
          ],
          "attribute": "featurecla",
          "count": 1081,
          "type": "String"
        },
        {
          "values": [
            "Sint Nicolaas",
            "Campana",
            "Zarate",
            "Puerto Belgrano/Bahia Blanca",
            "Puerto Galvan/Bahia Blanca",
            "Ingeniero White/Bahia Blanca",
            "Saint John's",
            "Fremantle",
            "Botany Bay",
            "Rockhampton",
            "Oostende (Ostend)",
            "Zeebrugge",
            "Burgas",
            "Mina Sulman Port",
            "Sitrah",
            "Saint George",
            "Mucuripe",
            "Niteroi",
            "Sao Francisco do Sul",
            "Chatham",
            "Clarenville",
            "Comox",
            "Esquimalt",
            "Grand Bank",
            "North Sydney",
            "Caraquet",
            "Chicoutimi",
            "Corner Brook",
            "Digby",
            "Harbour Grace",
            "Pictou",
            "Shelburne",
            "Sorel",
            "Springdale",
            "Saint-John's",
            "Coronel",
            "Lota",
            "Talcahuano",
            "San Antonio",
            "Haimen",
            "Qinhuangdao",
            "Yantian",
            "Yingkou",
            "Moin",
            "Banes",
            "Caibarien",
            "Isabela de Sagua",
            "Nuevitas",
            "Famagusta",
            "Cuxhaven",
            "Eckernforde",
            "Nordenham",
            "Papenburg",
            "Wismar",
            "Nyborg",
            "Helsingor",
            "Odense",
            "Frederikshavn",
            "Haderslev",
            "Horsens",
            "Kalundborg",
            "Kolding",
            "Nakskov",
            "Nykobing Falster",
            "Randers",
            "Rudkobing",
            "Svendborg",
            "Vejle",
            "Skagen",
            "Puerto Plata",
            "Rio Haina",
            "Mostaganem",
            "Damietta",
            "Safaga",
            "Algeciras",
            "Aviles",
            "Ferrol",
            "Huelva",
            "Pasajes",
            "Rota",
            "Cadiz",
            "Kotka",
            "Veitsiluoto",
            "Arcachon",
            "Deauville",
            "Fecamp",
            "La Pallice",
            "Saint-Malo",
            "Sete",
            "Greenock",
            "Poole",
            "Falmouth",
            "Leith",
            "Montrose",
            "Newport",
            "Sunderland",
            "Teesport",
            "Poti",
            "Piraeus",
            "Saint George's"
          ],
          "attribute": "name",
          "count": 1081,
          "type": "String"
        },
        {
          "values": [
            5,
            10,
            20,
            30,
            50,
            75
          ],
          "attribute": "natlscale",
          "count": 1081,
          "type": "Number",
          "min": 5,
          "max": 75
        },
        {
          "values": [
            8,
            7,
            6,
            5,
            4,
            3
          ],
          "attribute": "scalerank",
          "count": 1081,
          "type": "Number",
          "min": 3,
          "max": 8
        },
        {
          "values": [
            "www.rocargo.com/SanNicolas.html",
            "www.consejoportuario.com.ar",
            "",
            "www.ab.gov.ag",
            "www.fremantleports.com.au",
            "www.sydneyports.com.au",
            "www.gpcl.com.au",
            "www.portofoostende.be",
            "www.zeebruggeport.be",
            "www.port-burgas.com",
            "www.bahrainports.gov.bh",
            "www.docasdoceara.com.br",
            "www.portosrio.gov.br",
            "www.apsfs.sc.gov.br",
            "www.cornerbrookport.com",
            "www.portofdigby.ns.ca",
            "www.pictoumarineterminals.com",
            "www.sjpa.com",
            "www.puertotalcahuano.cl",
            "www.sanantonioport.com",
            "www.yantian-port.com",
            "www.japdeva.go.cr",
            "www.cuxport.de",
            "www.stadtwerke-eckernfoerde.de",
            "www.hafen-wismar.de",
            "www.adp-as.com",
            "www.helsingoerhavn.dk",
            "www.nyborg.dk/Engelsk/Tourism/NyborgsHarbours",
            "www.frederikshavnhavn.dk",
            "www.horsenshavn.dk",
            "www.portofkalundborg.dk",
            "www.koldingport.dk",
            "www.guldborgsundhavne.dk",
            "www.randershavn.dk",
            "www.langelandkommune.dk",
            "www.vejleport.dk",
            "www.skagenhavn.dk",
            "www.apordom.gov.do",
            "www.dam-port.com",
            "www.mts.gov.eg",
            "www.apba.es",
            "www.avilesport.com",
            "www.apfsc.com",
            "www.puertohuelva.com",
            "www.puertopasajes.net",
            "www.puertocadiz.com",
            "www.portofkotka.fi",
            "www.arcachon.com",
            "www.fecamp.cci.fr",
            "www.larochelle.port.fr",
            "www.saint-malo.cci.fr",
            "www.sete.port.fr",
            "www.clydeport.co.uk",
            "www.phc.co.uk",
            "www.falmouthport.co.uk",
            "www.forthports.co.uk",
            "www.montroseport.co.uk",
            "www.abports.co.uk/custinfo/ports/newport.htm",
            "www.portofsunderland.org.uk",
            "www.pdports.co.uk",
            "www.potiseaport.com",
            "www.olp.gr",
            "www.medmarinas.com",
            "www.grenadacruiseport.com",
            "www.guyane.cci.fr",
            "www.portauthority-sibenik.hr",
            "www.apn.gouv.ht",
            "www.kakinadaseaports.in",
            "tuticorinport.gov.in",
            "www.porto.br.it",
            "www.portolaspezia.it",
            "www.porto.monfalcone.gorizia.it",
            "www.port.ravenna.it",
            "www.port.taranto.it",
            "www.city.omura.nagasaki.jp",
            "www.pref.ishikawa.jp",
            "www.city.kawasaki.jp/58/58yuuti/home/etop.html",
            "www.kitaqport.or.jp",
            "www.port.maizuru.kyoto.jp",
            "www.info.city.tsu.mie.jp",
            "www.pref.niigata.lg.jp/kowanshinko/1208883684365.html",
            "www.city.sasebo.nagasaki.jp",
            "www.portofshimizu.com",
            "www.city.yokosuka.kanagawa.jp/minato",
            "www.slpa.lk",
            "www.portofventspils.lv",
            "www.bajaport.com",
            "www.puertosyucatan.com",
            "www.puerto-de-tuxpan.com.mx",
            "www.portsworld.com/Ports/kemamanport.htm",
            "www.havendenhelder.nl",
            "www.groningen-seaports.com",
            "www.drammenhavn.no",
            "www.larvikhavn.vf.no",
            "www.moss-havn.no",
            "www.lpc.co.nz",
            "portofsohar.com",
            "www.ppc.com.pa",
            "www.cocatram.org.ni/puertosca/pto_pedregal_panama.html",
            "www.enapu.com.pe"
          ],
          "attribute": "website",
          "count": 1081,
          "type": "String"
        }
      ],
      "geometry": "Point"
    }
  ]
}
