{
  "layerCount": 1,
  "layers": [
    {
      "layer": "ports",
      "count": 1081,
      "attributeCount": 1,
      "attributes": [
        {
          "values": [
            "Sint Nicolaas",
            "Campana",
            "Zarate",
            "Puerto Belgrano/Bahia Blanca",
            "Puerto Galvan/Bahia Blanca",
            "Ingeniero White/Bahia Blanca",
            "Saint John's",
            "Fremantle",
            "Botany Bay",
            "Rockhampton",
            "Oostende (Ostend)",
            "Zeebrugge",
            "Burgas",
            "Mina Sulman Port",
            "Sitrah",
            "Saint George",
            "Mucuripe",
            "Niteroi",
            "Sao Francisco do Sul",
            "Chatham",
            "Clarenville",
            "Comox",
            "Esquimalt",
            "Grand Bank",
            "North Sydney",
            "Caraquet",
            "Chicoutimi",
            "Corner Brook",
            "Digby",
            "Harbour Grace",
            "Pictou",
            "Shelburne",
            "Sorel",
            "Springdale",
            "Saint-John's",
            "Coronel",
            "Lota",
            "Talcahuano",
            "San Antonio",
            "Haimen",
            "Qinhuangdao",
            "Yantian",
            "Yingkou",
            "Moin",
            "Banes",
            "Caibarien",
            "Isabela de Sagua",
            "Nuevitas",
            "Famagusta",
            "Cuxhaven",
            "Eckernforde",
            "Nordenham",
            "Papenburg",
            "Wismar",
            "Nyborg",
            "Helsingor",
            "Odense",
            "Frederikshavn",
            "Haderslev",
            "Horsens",
            "Kalundborg",
            "Kolding",
            "Nakskov",
            "Nykobing Falster",
            "Randers",
            "Rudkobing",
            "Svendborg",
            "Vejle",
            "Skagen",
            "Puerto Plata",
            "Rio Haina",
            "Mostaganem",
            "Damietta",
            "Safaga",
            "Algeciras",
            "Aviles",
            "Ferrol",
            "Huelva",
            "Pasajes",
            "Rota",
            "Cadiz",
            "Kotka",
            "Veitsiluoto",
            "Arcachon",
            "Deauville",
            "Fecamp",
            "La Pallice",
            "Saint-Malo",
            "Sete",
            "Greenock",
            "Poole",
            "Falmouth",
            "Leith",
            "Montrose",
            "Newport",
            "Sunderland",
            "Teesport",
            "Poti",
            "Piraeus",
            "Saint George's",
            "Cayenne",
            "Bakar",
            "Rovinj",
            "Sibenik",
            "Gonaives",
            "Sorong",
            "Alleppey",
            "Kakinada",
            "Tuticorin",
            "Sligo",
            "Licata",
            "Alghero",
            "Bagnoli",
            "Barletta",
            "Brindisi",
            "Crotone",
            "Gallipoli",
            "Imperia",
            "La Maddalena",
            "La Spezia",
            "Marsala",
            "Messina",
            "Molfetta",
            "Monfalcone",
            "Monopoli",
            "Pesaro",
            "Porto Torres",
            "Ravenna",
            "Siracusa",
            "Taranto",
            "Torre Annunziata",
            "Omura",
            "Amagasaki",
            "Fushiki",
            "Imabari",
            "Iwakuni",
            "Kainan",
            "Kanazawa",
            "Kawasaki",
            "Kokura",
            "Maizuru",
            "Matsusaka",
            "Miyazu",
            "Muroran",
            "Niigata",
            "Saganoseki",
            "Sasebo",
            "Shimizu",
            "Shimotsu",
            "Wakayama",
            "Yokosuka",
            "Galle",
            "Ventspils",
            "Frontera",
            "Minatitlan",
            "Pajaritos",
            "Santa Rosalia",
            "Progreso",
            "Tuxpan",
            "Kemaman",
            "Den Helder",
            "Dordrecht",
            "Delfzijl",
            "Arendal",
            "Drammen",
            "Halden",
            "Harstad",
            "Larvik",
            "Moss",
            "Sandefjord",
            "Tonsberg",
            "Lyttelton",
            "Qalhat",
            "Sohar",
            "Balboa",
            "Cristobal",
            "Pedregal",
            "Callao",
            "Matarani",
            "Swinoujscie",
            "Leixoes",
            "Setubal",
            "Aveiro",
            "Viana do Castelo",
            "Galati",
            "Nakhodka",
            "Kandalaksha",
            "Kholmsk",
            "Korsakov",
            "Kronshtadt",
            "Novorossiysk",
            "Tuapse",
            "Jubail",
            "Ras al Khafji",
            "Falkenberg",
            "Ahus",
            "Harnosand",
            "Hoganas",
            "Karlshamn",
            "Karlskrona",
            "Nynashamn",
            "Oskarshamn",
            "Oxelosund",
            "Pitea",
            "Sodertalje",
            "Trelleborg",
            "Uddevalla",
            "Ystad",
            "Bangkok",
            "Laem Chabang",
            "Sriracha",
            "Point Lisas",
            "Mersin",
            "Berdyansk",
            "Kerch",
            "Richmond",
            "Wilmington",
            "Quincy",
            "Nawiliwili",
            "Monterey",
            "Gloucester City",
            "Bayonne",
            "Baltimore",
            "Jacksonville",
            "Newport News",
            "Port Arthur",
            "Portsmouth",
            "Alexandria",
            "Brownsville",
            "Vancouver",
            "Guanta",
            "Keelung",
            "Arrecife",
            "St Thomas",
            "Basseterre",
            "New Orleans",
            "Freeport",
            "Trenton",
            "Goderich",
            "Midland",
            "St Joseph",
            "Racine",
            "Menominee",
            "Escanaba",
            "Sacramento",
            "Great Yarmouth",
            "Dundee",
            "Portmahomack Harbor",
            "Wick",
            "Oban",
            "Douglas",
            "Londonderry",
            "Silloth",
            "Ambriz",
            "Cabinda",
            "Soyo",
            "Durres",
            "Curacao",
            "Al Fujayrah",
            "Caleta Olivia",
            "Puerto Deseado",
            "Rio Gallegos",
            "Rio Grande",
            "San Julian",
            "Coffs Harbour",
            "Esperance",
            "Port Augusta",
            "Bowen",
            "Bundaberg",
            "Burketown",
            "Carnarvon",
            "Cooktown",
            "Derby",
            "Eden",
            "George Town",
            "Geraldton",
            "Karumba",
            "Kingscote",
            "Maryborough",
            "Strahan",
            "Mongla",
            "Aracaju",
            "Fortaleza",
            "Macapa",
            "Navegantes",
            "Pelotas",
            "Campbell River",
            "Goose Bay",
            "Masset",
            "Matane",
            "Nanisivik",
            "New Richmond",
            "Port Hardy",
            "Port Hawkesbury",
            "Squamish",
            "Stephenville",
            "Stewart",
            "Tahsis",
            "Sandspit",
            "Tuktoyaktuk",
            "Ancud",
            "Castro",
            "Chanaral",
            "Puerto Natales",
            "Taltal",
            "Guangzhou",
            "Jiangyin",
            "Lianyungang",
            "Sanya",
            "Zhanjiang",
            "Zhoushan",
            "San-Pedro",
            "Cartagena",
            "Tolu",
            "Tumaco",
            "Turbo",
            "Baracoa",
            "Nicaro",
            "Nueva Gerona",
            "Helgoland",
            "Travemunde",
            "Thisted",
            "Manta",
            "Esmeraldas",
            "Corralejo",
            "Ceuta",
            "Melilla",
            "San Sebastian de la Gomera",
            "Santa Cruz de La Palma",
            "Parnu",
            "Kuopio",
            "Joensuu",
            "Varkaus",
            "Savusavu",
            "Cherbourg",
            "Caen",
            "Calvi",
            "Propriano",
            "Quimper",
            "Vannes",
            "Yap",
            "Bristol",
            "Hull",
            "Newcastle upon Tyne",
            "Tyne",
            "Rochester",
            "Tema",
            "Alexandroupolis",
            "Kos",
            "Paros",
            "Samos",
            "Nanortalik",
            "Qaanaaq",
            "New Amsterdam",
            "La Ceiba",
            "Tela",
            "Mali Losinj",
            "Jacmel",
            "Jeremie",
            "Lhokseumawe",
            "Nunukan",
            "Panjang",
            "Tanjung Priok",
            "Mangalore",
            "Porbandar",
            "Ratnagiri",
            "Bantry",
            "Wexford",
            "Khorramshahr",
            "Djupivogur",
            "Faskrudsfjordur",
            "Raufarhofn",
            "Pantelleria",
            "Catania",
            "Fiumicino",
            "Lampedusa",
            "Manfredonia",
            "Ocho Rios",
            "Port Antonio",
            "Nishinoomote",
            "Akita",
            "Hachinohe",
            "Ishigaki",
            "Matsuyama",
            "Sakata",
            "Takamatsu",
            "Wakkanai",
            "Tottori",
            "Lamu",
            "Gunsan",
            "Pohang",
            "Samcheok",
            "Sokcho",
            "Ulsan",
            "Tripoli",
            "Buchanan",
            "Agadir",
            "Al Hoceima",
            "Dakhla",
            "Antalaha",
            "Manakara",
            "Mananjary",
            "Morondava",
            "Toamasina",
            "Loreto",
            "Campeche",
            "Cozumel",
            "La Paz",
            "Playa del Carmen",
            "Puerto Penasco",
            "Puerto Vallarta",
            "Coatzacoalcos",
            "Bassein",
            "Nacala",
            "Pemba",
            "Quelimane",
            "Port Louis",
            "Malacca",
            "Port Dickson",
            "Walvis Bay",
            "Calabar",
            "Groningen",
            "Alta",
            "Andenes",
            "Bronnoysund",
            "Farsund",
            "Floro",
            "Kristiansand",
            "Namsos",
            "Rorvik",
            "Sandnessjoen",
            "Stokmarknes",
            "Stord",
            "Picton",
            "Dunedin",
            "Salalah",
            "Gwadar",
            "Bocas del Toro",
            "La Palma",
            "Chimbote",
            "Ilo",
            "Mollendo",
            "Pisco",
            "Dumaguete",
            "General Santos",
            "Buka",
            "Daru",
            "Lae",
            "Madang",
            "Gdansk",
            "Gdynia",
            "Aguadilla",
            "Arecibo",
            "Mayaguez",
            "Faro",
            "Bora-Bora",
            "Tulcea",
            "Amderma",
            "Anadyr",
            "Pevek",
            "Kaolack",
            "Ziguinchor",
            "Longyearbyen",
            "Gizo",
            "Viru Harbour",
            "Kismayu",
            "Karlstad",
            "Lidkoping",
            "Skelleftea",
            "Umea",
            "Providenciales",
            "Songkhla",
            "Bandirma",
            "Samsun",
            "Sinop",
            "Trabzon",
            "Sevastopol",
            "Skagway",
            "Valdez",
            "Apalachicola",
            "Annapolis",
            "Cambridge",
            "Portland",
            "Bremerton",
            "Rockland",
            "Santa Cruz",
            "Chesapeake",
            "Cumana",
            "Hai Phong",
            "Corfu",
            "Tangier",
            "Hamilton",
            "Windsor",
            "Rouge River",
            "Owen Sound",
            "Sault Ste Marie",
            "Saginaw",
            "Cheboygan",
            "Muskegon",
            "Gary",
            "Waukegan",
            "Houghton",
            "Wrangell",
            "Petersburg",
            "Kemi",
            "Vaasa",
            "Turku",
            "Liepaja",
            "Europoort",
            "Stornoway Harbor",
            "Lisboa",
            "Bonanza",
            "Ibiza",
            "Rostov-Na-Donu",
            "Tel Aviv Yafo",
            "Tunis",
            "Bejaia",
            "Alger",
            "St Louis",
            "Tin Can Island",
            "Mocambique",
            "Assab",
            "Massawa",
            "Elat",
            "Al Kuwayt",
            "Bombay",
            "Jawaharlal Nehru Port",
            "Cochin",
            "Madras",
            "Calcutta",
            "Phuket",
            "Pulau Pinang",
            "Belawan",
            "Semarang",
            "Kupang",
            "Kuching",
            "Miri",
            "Kota Kinabalu",
            "Pelabuhan Sandakan",
            "Ujungpandang",
            "Davao",
            "Nanjing",
            "Hankow",
            "Chang Sha",
            "Khabarovsk",
            "Petropavlovsk",
            "Namibe",
            "Bahia Blanca",
            "La Plata",
            "Ushuaia",
            "Puerto Madryn",
            "Pago Pago",
            "Mackay",
            "Port Lincoln",
            "Port Pirie",
            "Albany",
            "Barrow Island",
            "Bunbury",
            "Burnie",
            "Geelong",
            "Gladstone",
            "Newcastle",
            "Port Kembla",
            "Thursday Island",
            "Townsville",
            "Weipa",
            "Whyalla",
            "Wyndham",
            "Brussel (Bruxelles)",
            "Gent (Ghent)",
            "Ilheus",
            "Maceio",
            "Natal",
            "Vitoria",
            "Ocean Falls",
            "Argentia",
            "Bathurst",
            "Gaspe",
            "Port Alberni",
            "Powell River",
            "Sept-Iles",
            "Sydney",
            "Trois-Rivieres (Three Rivers)",
            "Yarmouth",
            "Rimouski",
            "Riviere-du-Loup",
            "Saint-Anthony",
            "Summerside",
            "Arica",
            "Tocopilla",
            "Beihai",
            "Jiangmen",
            "Wenzhou",
            "Yantai",
            "Zhuhai",
            "Santa Marta",
            "Buenaventura",
            "Praia",
            "Golfito",
            "Cienfuegos",
            "Manzanillo",
            "Matanzas",
            "Santiago de Cuba",
            "Emden",
            "Flensburg",
            "Wilhelmshaven",
            "Esbjerg",
            "Sonderborg",
            "Ronne",
            "Barahona",
            "Cabo Rojo",
            "Oran",
            "A Coruna",
            "Almeria",
            "Gijon",
            "San Sebastian",
            "Santander",
            "Tarragona",
            "Oulu",
            "Boulogne-sur-Mer",
            "Brest",
            "Cannes",
            "Dieppe",
            "Granville",
            "La Rochelle",
            "Lorient",
            "Morlaix",
            "Rochefort",
            "Toulon",
            "Owendo",
            "Aberdeen",
            "Liverpool",
            "Plymouth",
            "Batumi",
            "Kavala",
            "Chios",
            "Kalamata",
            "Patras",
            "Volos",
            "Uummannaq",
            "Puerto Barrios",
            "Pula",
            "Rijeka",
            "Split",
            "Banjarmasin",
            "Tanjung Pandan",
            "Port Blair",
            "Kandla",
            "Pondicherry",
            "Cork",
            "Galway",
            "Bushehr",
            "Ancona",
            "Bari",
            "Cagliari",
            "Olbia",
            "Pescara",
            "Reggio Calabria",
            "Trapani",
            "Aomori",
            "Hakodate",
            "Kagoshima",
            "Kochi",
            "Kushiro",
            "Niihama",
            "Oita",
            "Shimonoseki",
            "Tomakomai",
            "Toyama",
            "Ube",
            "Malindi",
            "Trincomalee",
            "Klaipeda",
            "Safi",
            "Ensenada",
            "Guaymas",
            "Salina Cruz",
            "Saipan",
            "Nouadhibou",
            "Luderitz",
            "Bluefields",
            "Alesund",
            "Batsfjord",
            "Bodo",
            "Hammerfest",
            "Haugesund",
            "Kirkenes",
            "Kristiansund",
            "Mo i Rana",
            "Molde",
            "Mosjoen",
            "Narvik",
            "Stavanger",
            "Vadso",
            "Vardo",
            "New Plymouth",
            "Gisborne",
            "Greymouth",
            "Napier",
            "Tauranga",
            "Wanganui",
            "Westport",
            "Whangarei",
            "Timaru",
            "Talara",
            "Masbate",
            "Subic Bay",
            "Alotau",
            "Kavieng",
            "Kieta",
            "Rabaul",
            "Vanimo",
            "Ponce",
            "Sines",
            "Horta",
            "Arkhangelsk",
            "Murmansk",
            "Tiksi",
            "Jizan",
            "Berbera",
            "Nieuw Nickerie",
            "Malmo",
            "Gavle",
            "Halmstad",
            "Helsingborg",
            "Hudiksvall",
            "Kalmar",
            "Ornskoldsvik",
            "Ronneby",
            "Soderhamn",
            "Vastervik",
            "Visby",
            "Tekirdag",
            "Tanga",
            "Kherson",
            "Colonia",
            "Cordova",
            "Ketchikan",
            "Bangor",
            "Stockton",
            "Bridgeport",
            "New Haven",
            "Port Everglades",
            "Savannah",
            "Gulfport",
            "Newark",
            "Astoria",
            "Corpus Christi",
            "Pascagoula",
            "Tacoma",
            "Beaumont",
            "Olympia",
            "Port Angeles",
            "Port Townsend",
            "Puerto Cabello",
            "Mukalla",
            "East London",
            "Mossel Bay",
            "Richards Bay",
            "Erie",
            "Bay City",
            "Milwaukee",
            "Coos Bay",
            "Sitka",
            "Kodiak",
            "Lobito",
            "Abu Dhabi",
            "Comodoro Rivadavia",
            "Mar del Plata",
            "Cairns",
            "Broome",
            "Devonport",
            "Hobart",
            "Antwerpen",
            "Varna",
            "Belize City",
            "Belem",
            "Paranagua",
            "Porto Alegre",
            "Recife",
            "Salvador",
            "Santos",
            "Charlottetown",
            "Halifax",
            "Nanaimo",
            "Quebec",
            "Victoria",
            "Prince Rupert",
            "Saint-John",
            "Antofagasta",
            "Iquique",
            "Puerto Montt",
            "Haikou",
            "Ningbo",
            "Xiamen",
            "Abidjan",
            "Douala",
            "Pointe Noire",
            "Barranquilla",
            "Moroni",
            "Mariel",
            "Larnaca",
            "Limassol",
            "Bremen",
            "Hamburg",
            "Djibouti",
            "Aalborg",
            "Fredericia",
            "Alicante",
            "Bilbao",
            "Valencia",
            "Fox Bay",
            "Ajaccio",
            "Bastia",
            "Bordeaux",
            "Calais",
            "Dunkerque",
            "Honfleur",
            "Libreville",
            "Port Gentil",
            "Belfast",
            "Dover",
            "Inverness",
            "Takoradi",
            "Basse-Terre",
            "Pointe-a-Pitre",
            "Banjul",
            "Bata",
            "Iraklion",
            "Thessaloniki",
            "Kourou",
            "Georgetown",
            "Puerto Cortes",
            "Zadar",
            "Surabaya",
            "Manado",
            "Senipah",
            "Bhavnagar",
            "Visakhapatnam",
            "Limerick",
            "Bandar Abbas",
            "Reykjavik",
            "Seydisfjordur",
            "Trieste",
            "Hiroshima",
            "Kobe",
            "Nagasaki",
            "Otaru",
            "Tokyo",
            "Monrovia",
            "Colombo",
            "Casablanca",
            "Monaco",
            "Acapulco",
            "Mazatlan",
            "Tampico",
            "Beira",
            "Maputo",
            "Nouakchott",
            "Fort-de-France",
            "Noumea",
            "Port Harcourt",
            "Corinto",
            "Rotterdam",
            "Bergen",
            "Tromso",
            "Trondheim",
            "Nelson",
            "Muscat",
            "Cebu",
            "Zamboanga",
            "Port Moresby",
            "Wewak",
            "Porto",
            "Ponta Delgada",
            "Papeete",
            "Doha",
            "Kaliningrad",
            "Vladivostok",
            "Vyborg",
            "Port Sudan",
            "Mogadishu",
            "Paramaribo",
            "Goteborg",
            "Lulea",
            "Norrkoping",
            "Lome",
            "Izmir",
            "Kaohsiung",
            "Taichung",
            "Odessa",
            "Montevideo",
            "Juneau",
            "Nome",
            "Hilo",
            "Bellingham",
            "Houston",
            "Longview",
            "Kingstown",
            "La Guaira",
            "Maracaibo",
            "Da Nang",
            "Port Vila",
            "Apia",
            "Hodeidah",
            "Ottawa",
            "Buffalo",
            "Cleveland",
            "Green Bay",
            "Duluth",
            "Eureka",
            "Luanda",
            "Kralendijk, Bonaire",
            "Philipsburg",
            "Adelaide",
            "Brisbane",
            "Port Hedland",
            "Chittagong",
            "Bridgetown",
            "Montreal",
            "Punta Arenas",
            "Valdivia",
            "Dalian",
            "Fuzhou",
            "Qingdao",
            "Shanghai",
            "Shantou",
            "Puntarenas",
            "Kiel",
            "Roseau",
            "Santo Domingo",
            "Vigo",
            "Santa Cruz de Tenerife",
            "Tallinn",
            "Suva",
            "Saint-Tropez",
            "Glasgow",
            "Southampton",
            "Gibraltar",
            "Conakry",
            "Bissau",
            "Canea",
            "Katakolon",
            "San Jose",
            "Hong Kong",
            "Port-au-Prince",
            "Dublin",
            "Waterford",
            "Haifa",
            "Livorno",
            "Ischia",
            "Kingston",
            "Kitakyushu",
            "Mombasa",
            "Phnom Penh",
            "Beirut",
            "Male",
            "Veracruz",
            "Yangon",
            "Wellington",
            "Szczecin",
            "Jeddah",
            "Dakar",
            "Singapore",
            "Freetown",
            "Stockholm",
            "Canakkale",
            "Anchorage",
            "Long Beach",
            "Oakland",
            "Philadelphia",
            "Charleston",
            "Ho Chi Minh City",
            "Aden",
            "Durban",
            "Port Elizabeth",
            "Detroit",
            "Port Of Memphis",
            "Tri-City Port",
            "Helsinki",
            "Sankt-Peterburg",
            "Oranjestad",
            "Dubai",
            "Buenos Aires",
            "Darwin",
            "Melbourne",
            "Perth",
            "Cotonou",
            "Nassau",
            "Rio de Janeiro",
            "Valparaiso",
            "Tianjin",
            "Bremerhaven",
            "Rostock",
            "Tuborg",
            "Guayaquil",
            "Port Said",
            "Barcelona",
            "Malaga",
            "Palma de Mallorca",
            "Le Havre",
            "Marseille",
            "Nice",
            "London",
            "Gythion",
            "Rhodes",
            "Dubrovnik",
            "Civitavecchia",
            "Palermo",
            "Savona",
            "Marghera",
            "Montego Bay",
            "Osaka",
            "Yokohama",
            "Riga",
            "Cabo San Lucas",
            "Marsaxlokk",
            "Amsterdam",
            "Oslo",
            "Auckland",
            "Karachi",
            "Colon",
            "Manila",
            "San Juan",
            "Istanbul",
            "Taipei",
            "Dar es Salaam",
            "Mobile",
            "Los Angeles",
            "San Diego",
            "San Francisco",
            "Miami",
            "Tampa",
            "Honolulu",
            "Boston",
            "New York",
            "Galveston",
            "Norfolk",
            "Seattle",
            "Cape Town",
            "Toronto",
            "Chicago"
          ],
          "count": 1042,
          "attribute": "name",
          "type": "String"
        }
      ],
      "geometry": "Point"
    }
  ]
}
