{
  "layers": [{
    "layer": "simple",
    "count": 6,
    "attributeCount": 8,
    "attributes": [{
      "values": [
        true,
        null
      ],
      "attribute": "astonishing",
      "count": 2,
      "type": "Boolean"
    }, {
      "values": [
        7,
        "7",
        null
      ],
      "attribute": "mixed",
      "count": 3,
      "type": "Mixed",
      "min": 7,
      "max": 7
    }, {
      "values": [
        "foo",
        "bar",
        "baz",
        "haha",
        "hoho",
        "hehe"
      ],
      "attribute": "name",
      "count": 6,
      "type": "String"
    }, {
      "values": [
        "[1,2,3]",
        null
      ],
      "attribute": "numbers",
      "count": 3,
      "type": "String"
    }, {
      "values": [
        6,
        99,
        null,
        86
      ],
      "attribute": "power",
      "count": 4,
      "type": "Number",
      "min": 6,
      "max": 99
    }, {
      "values": [
        6,
        "{\"foo\":\"bar\"}"
      ],
      "attribute": "data",
      "count": 2,
      "type": "Mixed",
      "min": 6,
      "max": 6
    }, {
      "values": [],
      "attribute": "description",
      "count": 1,
      "type": "String"
    }, {
      "values": [
        null
      ],
      "attribute": "onlyNull",
      "count": 1,
      "type": "Null"
    }],
    "geometry": "Point"
  }]
}
