{
  "layerCount": 1,
  "layers": [
    {
      "layer": "two-thousand-properties",
      "count": 1,
      "attributeCount": 1000,
      "attributes": [
        {
          "values": [
            "prop-value-0"
          ],
          "count": 1,
          "attribute": "prop-0",
          "type": "String"
        },
        {
          "values": [
            "prop-value-1"
          ],
          "count": 1,
          "attribute": "prop-1",
          "type": "String"
        },
        {
          "values": [
            "prop-value-10"
          ],
          "count": 1,
          "attribute": "prop-10",
          "type": "String"
        },
        {
          "values": [
            "prop-value-100"
          ],
          "count": 1,
          "attribute": "prop-100",
          "type": "String"
        },
        {
          "values": [
            "prop-value-1000"
          ],
          "count": 1,
          "attribute": "prop-1000",
          "type": "String"
        },
        {
          "values": [
            "prop-value-1001"
          ],
          "count": 1,
          "attribute": "prop-1001",
          "type": "String"
        },
        {
          "values": [
            "prop-value-1002"
          ],
          "count": 1,
          "attribute": "prop-1002",
          "type": "String"
        },
        {
          "values": [
            "prop-value-1003"
          ],
          "count": 1,
          "attribute": "prop-1003",
          "type": "String"
        },
        {
          "values": [
            "prop-value-1004"
          ],
          "count": 1,
          "attribute": "prop-1004",
          "type": "String"
        },
        {
          "values": [
            "prop-value-1005"
          ],
          "count": 1,
          "attribute": "prop-1005",
          "type": "String"
        },
        {
          "values": [
            "prop-value-1006"
          ],
          "count": 1,
          "attribute": "prop-1006",
          "type": "String"
        },
        {
          "values": [
            "prop-value-1007"
          ],
          "count": 1,
          "attribute": "prop-1007",
          "type": "String"
        },
        {
          "values": [
            "prop-value-1008"
          ],
          "count": 1,
          "attribute": "prop-1008",
          "type": "String"
        },
        {
          "values": [
            "prop-value-1009"
          ],
          "count": 1,
          "attribute": "prop-1009",
          "type": "String"
        },
        {
          "values": [
            "prop-value-101"
          ],
          "count": 1,
          "attribute": "prop-101",
          "type": "String"
        },
        {
          "values": [
            "prop-value-1010"
          ],
          "count": 1,
          "attribute": "prop-1010",
          "type": "String"
        },
        {
          "values": [
            "prop-value-1011"
          ],
          "count": 1,
          "attribute": "prop-1011",
          "type": "String"
        },
        {
          "values": [
            "prop-value-1012"
          ],
          "count": 1,
          "attribute": "prop-1012",
          "type": "String"
        },
        {
          "values": [
            "prop-value-1013"
          ],
          "count": 1,
          "attribute": "prop-1013",
          "type": "String"
        },
        {
          "values": [
            "prop-value-1014"
          ],
          "count": 1,
          "attribute": "prop-1014",
          "type": "String"
        },
        {
          "values": [
            "prop-value-1015"
          ],
          "count": 1,
          "attribute": "prop-1015",
          "type": "String"
        },
        {
          "values": [
            "prop-value-1016"
          ],
          "count": 1,
          "attribute": "prop-1016",
          "type": "String"
        },
        {
          "values": [
            "prop-value-1017"
          ],
          "count": 1,
          "attribute": "prop-1017",
          "type": "String"
        },
        {
          "values": [
            "prop-value-1018"
          ],
          "count": 1,
          "attribute": "prop-1018",
          "type": "String"
        },
        {
          "values": [
            "prop-value-1019"
          ],
          "count": 1,
          "attribute": "prop-1019",
          "type": "String"
        },
        {
          "values": [
            "prop-value-102"
          ],
          "count": 1,
          "attribute": "prop-102",
          "type": "String"
        },
        {
          "values": [
            "prop-value-1020"
          ],
          "count": 1,
          "attribute": "prop-1020",
          "type": "String"
        },
        {
          "values": [
            "prop-value-1021"
          ],
          "count": 1,
          "attribute": "prop-1021",
          "type": "String"
        },
        {
          "values": [
            "prop-value-1022"
          ],
          "count": 1,
          "attribute": "prop-1022",
          "type": "String"
        },
        {
          "values": [
            "prop-value-1023"
          ],
          "count": 1,
          "attribute": "prop-1023",
          "type": "String"
        },
        {
          "values": [
            "prop-value-1024"
          ],
          "count": 1,
          "attribute": "prop-1024",
          "type": "String"
        },
        {
          "values": [
            "prop-value-1025"
          ],
          "count": 1,
          "attribute": "prop-1025",
          "type": "String"
        },
        {
          "values": [
            "prop-value-1026"
          ],
          "count": 1,
          "attribute": "prop-1026",
          "type": "String"
        },
        {
          "values": [
            "prop-value-1027"
          ],
          "count": 1,
          "attribute": "prop-1027",
          "type": "String"
        },
        {
          "values": [
            "prop-value-1028"
          ],
          "count": 1,
          "attribute": "prop-1028",
          "type": "String"
        },
        {
          "values": [
            "prop-value-1029"
          ],
          "count": 1,
          "attribute": "prop-1029",
          "type": "String"
        },
        {
          "values": [
            "prop-value-103"
          ],
          "count": 1,
          "attribute": "prop-103",
          "type": "String"
        },
        {
          "values": [
            "prop-value-1030"
          ],
          "count": 1,
          "attribute": "prop-1030",
          "type": "String"
        },
        {
          "values": [
            "prop-value-1031"
          ],
          "count": 1,
          "attribute": "prop-1031",
          "type": "String"
        },
        {
          "values": [
            "prop-value-1032"
          ],
          "count": 1,
          "attribute": "prop-1032",
          "type": "String"
        },
        {
          "values": [
            "prop-value-1033"
          ],
          "count": 1,
          "attribute": "prop-1033",
          "type": "String"
        },
        {
          "values": [
            "prop-value-1034"
          ],
          "count": 1,
          "attribute": "prop-1034",
          "type": "String"
        },
        {
          "values": [
            "prop-value-1035"
          ],
          "count": 1,
          "attribute": "prop-1035",
          "type": "String"
        },
        {
          "values": [
            "prop-value-1036"
          ],
          "count": 1,
          "attribute": "prop-1036",
          "type": "String"
        },
        {
          "values": [
            "prop-value-1037"
          ],
          "count": 1,
          "attribute": "prop-1037",
          "type": "String"
        },
        {
          "values": [
            "prop-value-1038"
          ],
          "count": 1,
          "attribute": "prop-1038",
          "type": "String"
        },
        {
          "values": [
            "prop-value-1039"
          ],
          "count": 1,
          "attribute": "prop-1039",
          "type": "String"
        },
        {
          "values": [
            "prop-value-104"
          ],
          "count": 1,
          "attribute": "prop-104",
          "type": "String"
        },
        {
          "values": [
            "prop-value-1040"
          ],
          "count": 1,
          "attribute": "prop-1040",
          "type": "String"
        },
        {
          "values": [
            "prop-value-1041"
          ],
          "count": 1,
          "attribute": "prop-1041",
          "type": "String"
        },
        {
          "values": [
            "prop-value-1042"
          ],
          "count": 1,
          "attribute": "prop-1042",
          "type": "String"
        },
        {
          "values": [
            "prop-value-1043"
          ],
          "count": 1,
          "attribute": "prop-1043",
          "type": "String"
        },
        {
          "values": [
            "prop-value-1044"
          ],
          "count": 1,
          "attribute": "prop-1044",
          "type": "String"
        },
        {
          "values": [
            "prop-value-1045"
          ],
          "count": 1,
          "attribute": "prop-1045",
          "type": "String"
        },
        {
          "values": [
            "prop-value-1046"
          ],
          "count": 1,
          "attribute": "prop-1046",
          "type": "String"
        },
        {
          "values": [
            "prop-value-1047"
          ],
          "count": 1,
          "attribute": "prop-1047",
          "type": "String"
        },
        {
          "values": [
            "prop-value-1048"
          ],
          "count": 1,
          "attribute": "prop-1048",
          "type": "String"
        },
        {
          "values": [
            "prop-value-1049"
          ],
          "count": 1,
          "attribute": "prop-1049",
          "type": "String"
        },
        {
          "values": [
            "prop-value-105"
          ],
          "count": 1,
          "attribute": "prop-105",
          "type": "String"
        },
        {
          "values": [
            "prop-value-1050"
          ],
          "count": 1,
          "attribute": "prop-1050",
          "type": "String"
        },
        {
          "values": [
            "prop-value-1051"
          ],
          "count": 1,
          "attribute": "prop-1051",
          "type": "String"
        },
        {
          "values": [
            "prop-value-1052"
          ],
          "count": 1,
          "attribute": "prop-1052",
          "type": "String"
        },
        {
          "values": [
            "prop-value-1053"
          ],
          "count": 1,
          "attribute": "prop-1053",
          "type": "String"
        },
        {
          "values": [
            "prop-value-1054"
          ],
          "count": 1,
          "attribute": "prop-1054",
          "type": "String"
        },
        {
          "values": [
            "prop-value-1055"
          ],
          "count": 1,
          "attribute": "prop-1055",
          "type": "String"
        },
        {
          "values": [
            "prop-value-1056"
          ],
          "count": 1,
          "attribute": "prop-1056",
          "type": "String"
        },
        {
          "values": [
            "prop-value-1057"
          ],
          "count": 1,
          "attribute": "prop-1057",
          "type": "String"
        },
        {
          "values": [
            "prop-value-1058"
          ],
          "count": 1,
          "attribute": "prop-1058",
          "type": "String"
        },
        {
          "values": [
            "prop-value-1059"
          ],
          "count": 1,
          "attribute": "prop-1059",
          "type": "String"
        },
        {
          "values": [
            "prop-value-106"
          ],
          "count": 1,
          "attribute": "prop-106",
          "type": "String"
        },
        {
          "values": [
            "prop-value-1060"
          ],
          "count": 1,
          "attribute": "prop-1060",
          "type": "String"
        },
        {
          "values": [
            "prop-value-1061"
          ],
          "count": 1,
          "attribute": "prop-1061",
          "type": "String"
        },
        {
          "values": [
            "prop-value-1062"
          ],
          "count": 1,
          "attribute": "prop-1062",
          "type": "String"
        },
        {
          "values": [
            "prop-value-1063"
          ],
          "count": 1,
          "attribute": "prop-1063",
          "type": "String"
        },
        {
          "values": [
            "prop-value-1064"
          ],
          "count": 1,
          "attribute": "prop-1064",
          "type": "String"
        },
        {
          "values": [
            "prop-value-1065"
          ],
          "count": 1,
          "attribute": "prop-1065",
          "type": "String"
        },
        {
          "values": [
            "prop-value-1066"
          ],
          "count": 1,
          "attribute": "prop-1066",
          "type": "String"
        },
        {
          "values": [
            "prop-value-1067"
          ],
          "count": 1,
          "attribute": "prop-1067",
          "type": "String"
        },
        {
          "values": [
            "prop-value-1068"
          ],
          "count": 1,
          "attribute": "prop-1068",
          "type": "String"
        },
        {
          "values": [
            "prop-value-1069"
          ],
          "count": 1,
          "attribute": "prop-1069",
          "type": "String"
        },
        {
          "values": [
            "prop-value-107"
          ],
          "count": 1,
          "attribute": "prop-107",
          "type": "String"
        },
        {
          "values": [
            "prop-value-1070"
          ],
          "count": 1,
          "attribute": "prop-1070",
          "type": "String"
        },
        {
          "values": [
            "prop-value-1071"
          ],
          "count": 1,
          "attribute": "prop-1071",
          "type": "String"
        },
        {
          "values": [
            "prop-value-1072"
          ],
          "count": 1,
          "attribute": "prop-1072",
          "type": "String"
        },
        {
          "values": [
            "prop-value-1073"
          ],
          "count": 1,
          "attribute": "prop-1073",
          "type": "String"
        },
        {
          "values": [
            "prop-value-1074"
          ],
          "count": 1,
          "attribute": "prop-1074",
          "type": "String"
        },
        {
          "values": [
            "prop-value-1075"
          ],
          "count": 1,
          "attribute": "prop-1075",
          "type": "String"
        },
        {
          "values": [
            "prop-value-1076"
          ],
          "count": 1,
          "attribute": "prop-1076",
          "type": "String"
        },
        {
          "values": [
            "prop-value-1077"
          ],
          "count": 1,
          "attribute": "prop-1077",
          "type": "String"
        },
        {
          "values": [
            "prop-value-1078"
          ],
          "count": 1,
          "attribute": "prop-1078",
          "type": "String"
        },
        {
          "values": [
            "prop-value-1079"
          ],
          "count": 1,
          "attribute": "prop-1079",
          "type": "String"
        },
        {
          "values": [
            "prop-value-108"
          ],
          "count": 1,
          "attribute": "prop-108",
          "type": "String"
        },
        {
          "values": [
            "prop-value-1080"
          ],
          "count": 1,
          "attribute": "prop-1080",
          "type": "String"
        },
        {
          "values": [
            "prop-value-1081"
          ],
          "count": 1,
          "attribute": "prop-1081",
          "type": "String"
        },
        {
          "values": [
            "prop-value-1082"
          ],
          "count": 1,
          "attribute": "prop-1082",
          "type": "String"
        },
        {
          "values": [
            "prop-value-1083"
          ],
          "count": 1,
          "attribute": "prop-1083",
          "type": "String"
        },
        {
          "values": [
            "prop-value-1084"
          ],
          "count": 1,
          "attribute": "prop-1084",
          "type": "String"
        },
        {
          "values": [
            "prop-value-1085"
          ],
          "count": 1,
          "attribute": "prop-1085",
          "type": "String"
        },
        {
          "values": [
            "prop-value-1086"
          ],
          "count": 1,
          "attribute": "prop-1086",
          "type": "String"
        },
        {
          "values": [
            "prop-value-1087"
          ],
          "count": 1,
          "attribute": "prop-1087",
          "type": "String"
        }
      ],
      "geometry": "Point"
    }
  ]
}
