{
  "layers": [
    {
      "layer": "playas",
      "count": 28,
      "attributeCount": 1,
      "attributes": [
        {
          "values": [
            "San Felipe",
            "Sayulita"
          ],
          "attribute": "place",
          "count": 28,
          "type": "String"
        }
      ],
      "geometry": "Point"
    },
    {
      "layer": "hospitales",
      "count": 8823,
      "attributeCount": 29,
      "attributes": [
        {
          "values": [
            403195584,
            309789024,
            377445656,
            290641332,
            407226295,
            284352850,
            267586905,
            326561461,
            406531419,
            151396249,
            306160185,
            280676092,
            369637482,
            289916637,
            277210993,
            355772177,
            228011209,
            305226705,
            320467705,
            407226294,
            280654650,
            308324855,
            263454724,
            263600817,
            269976878,
            269976877,
            269733172,
            311313904,
            365180543,
            397388131,
            367190035,
            360218398,
            394358507,
            415123891,
            151396252,
            385053013,
            410365159,
            387031430,
            406510712,
            400818643,
            326557012,
            413771894,
            413771896,
            399286795,
            292250834,
            280676090,
            280676091,
            302810671,
            305226702,
            305358691,
            305358695,
            260260749,
            344121674,
            367874033,
            367874021,
            397388141,
            259902912,
            367190041,
            367190034,
            400917691,
            315650554,
            239895937,
            345797771,
            367872099,
            366841785,
            367892687,
            279665496,
            280654651,
            280654657,
            321403536,
            359241495,
            269966092,
            269976881,
            269976875,
            269979046,
            269052868,
            311313906,
            368005461,
            368003566,
            156025366,
            410365160,
            394367830,
            356292626,
            371285781,
            369565855,
            352319483,
            345400651,
            371824820,
            359656074,
            369319783,
            371431409,
            366907382,
            413771893,
            413771895,
            290641334,
            307091950,
            307091944,
            305226703,
            305226707,
            305358693
          ],
          "attribute": "_osm_way_id",
          "count": 8811,
          "type": "Number",
          "min": 151396249,
          "max": 415177503
        },
        {
          "values": [
            1,
            2,
            3
          ],
          "attribute": "_version",
          "count": 8823,
          "type": "Number",
          "min": 1,
          "max": 3
        },
        {
          "values": [
            37775657,
            26347246,
            34985979,
            23406513,
            38250079,
            22554652,
            21291922,
            28634536,
            38157153,
            35836610,
            25838473,
            22244022,
            33876019,
            23195134,
            21949397,
            32165780,
            22099059,
            25700497,
            27925006,
            22241695,
            26162464,
            20784773,
            20837224,
            21374259,
            21355502,
            26580206,
            33277567,
            37160253,
            33537194,
            32592994,
            36856655,
            39049758,
            35836120,
            35836090,
            38570871,
            36096756,
            38154304,
            37571338,
            28634045,
            38908203,
            37379635,
            24074789,
            25357388,
            25716351,
            34180059,
            32150418,
            30968725,
            33937546,
            33916692,
            37160242,
            22144913,
            37535854,
            27206464,
            20736692,
            31241664,
            33866160,
            34189027,
            33632580,
            22156557,
            28055335,
            32484813,
            21373752,
            21374330,
            21315050,
            33646872,
            33832608,
            33191824,
            36857514,
            37000515,
            34094404,
            33861846,
            31816544,
            31190830,
            34173487,
            32530117,
            33824509,
            34112969,
            37525439,
            25972957,
            25719719,
            30968794,
            34512558,
            32996834,
            31051830,
            38029213,
            33277692,
            33629663,
            37160202,
            37967921,
            34168123,
            33628473,
            33630091,
            34167273,
            33646498,
            32939379,
            21425181,
            38798241,
            39028308,
            37020947,
            34218368
          ],
          "attribute": "_changeset",
          "count": 8823,
          "type": "Number",
          "min": 18237141,
          "max": 39056826
        },
        {
          "values": [
            3616361,
            1323363,
            330562,
            524393,
            3677105,
            2089269,
            328056,
            566605,
            99311,
            3431972,
            2371667,
            1340435,
            649442,
            1476146,
            1045127,
            2313849,
            1775772,
            2365246,
            1945650,
            1956578,
            254652,
            2483272,
            3452744,
            3037577,
            3305773,
            232801,
            176538,
            2079577,
            2632023,
            3069699,
            3630797,
            2557499,
            2820999,
            2650131,
            1239502,
            2509941,
            2191238,
            161619,
            2785601,
            3250232,
            3043467,
            3552314,
            103037,
            3017684,
            1402183,
            346846,
            105022,
            1047139,
            2641082,
            2437677,
            1690479,
            88018,
            3066257
          ],
          "attribute": "_uid",
          "count": 8823,
          "type": "Number",
          "min": 88018,
          "max": 3677105
        },
        {
          "values": [
            "rigoberto jaimes rebollar",
            "kriscarle",
            "juane90",
            "Punksolid",
            "egvelez",
            "MIKEKRN",
            "Gerrard",
            "Hackobo",
            "Federico Mena Quintero",
            "vacavinci",
            "patodamadre",
            "Gamaliel Espinoza Macedo",
            "browniemanol",
            "Alecs01",
            "rodatirod",
            "renemoreno",
            "hopsa",
            "azahelo",
            "Violeta_yo",
            "samanthaazul",
            "gercarst",
            "Michael Ring",
            "olayo",
            "Pablormc",
            "krl0z",
            "CENTSOARER",
            "Addicted04",
            "Carlos Martin Noriega",
            "Isayas CB",
            "anakes",
            "LittleBaDaZ",
            "ecoloco",
            "xe1gyp",
            "EldesbasteMap",
            "JeSe-MX",
            "Millagy",
            "Abbendymion",
            "FvGordon",
            "Jorge Alanis",
            "Mariocesarll",
            "will_aguilar",
            "Hely Tuyu",
            "JavierMGarcia",
            "Guadarev",
            "Geoplace",
            "Absay",
            "Ken Arroyo Ohori",
            "Mike Giambra",
            "JohnFex",
            "voen",
            "Lua",
            "jackbravo",
            "hgocat"
          ],
          "attribute": "_user",
          "count": 8823,
          "type": "String"
        },
        {
          "values": [
            1457743671,
            1414348705,
            1446273154,
            1404204173,
            1459609669,
            1401075833,
            1395690174,
            1423156106,
            1459308834,
            1449616205,
            1412361836,
            1399702136,
            1441702053,
            1403803345,
            1398501375,
            1435077470,
            1399105732,
            1411805000,
            1420428991,
            1459609668,
            1399676467,
            1413596417,
            1393397459,
            1393630564,
            1396045448,
            1395963324,
            1415220763,
            1439325096,
            1455247993,
            1440392665,
            1436760118,
            1453987266,
            1462216734,
            1449614313,
            1449614241,
            1460669964,
            1450740319,
            1459290142,
            1456940149,
            1423154587,
            1461724638,
            1456187092,
            1405049271,
            1410385276,
            1411865452,
            1411865453,
            1442917930,
            1435015725,
            1431276425,
            1441901939,
            1441824361,
            1455247824,
            1399289536,
            1440392664,
            1456813001,
            1417632327,
            1393178327,
            1431903778,
            1441655219,
            1442944754,
            1440715089,
            1399329401,
            1399676468,
            1420953674,
            1436307771,
            1396043460,
            1396045742,
            1395786815,
            1440776778,
            1441545389,
            1438985202,
            1453990006,
            1454598826,
            1442536627,
            1441646770,
            1433774159,
            1431734273,
            1442879758,
            1436475449,
            1441506285,
            1442617509,
            1456764206,
            1404204174,
            1412903066,
            1412903065,
            1411891112,
            1399105733,
            1431276582,
            1444318162,
            1438302360,
            1431431728,
            1458768155,
            1439325497,
            1440705873,
            1455247249,
            1458533329,
            1442859038,
            1440702424,
            1440707038,
            1442856558
          ],
          "attribute": "_timestamp",
          "count": 8823,
          "type": "Number",
          "min": 1381178582,
          "max": 1462241855
        },
        {
          "values": [
            "hospital"
          ],
          "attribute": "building",
          "count": 8823,
          "type": "String"
        },
        {
          "values": [
            "SAN JUAN",
            "Hospital Ángeles",
            "Torre Médica Dalinde",
            "HOSGENAES Hospital General de Alta Especialidad SEMAR",
            "Hospital de la Comunidad de Teocelo Amelia Cerecedo",
            "Hospital San Alejandro",
            "Hospital Infantil de Las Californias",
            "Hospital General de Zona 14",
            "INSTITUTO MEXICANO DEL SEGURO SOCIAL",
            "Hospital Rural Oportunidades Paracho",
            "IMSS",
            "Centro Médico Dalinde",
            "H.G.Z. 76",
            "Cruz Roja",
            "Centro Medico Central Romero",
            "Hospital General I.M.S.S",
            "ISSSTE Clínica Hospital",
            "IMSS Unidad de Medicina Familiar No. 10",
            "Traumatologia y Ortopedia",
            "Beneficencia Española",
            "Hospital General Altamira \"Dr. Rodolfo Torre Cantú\"",
            "Hospital General",
            "Centro Oncológico de Chihuahua",
            "Hospital zalatitan",
            "IMSS #15",
            "Star Medica",
            "Unidad Médica de Atención Ambulatoria",
            "Hospital Infantil Pachuca",
            "IMSS UMF 7",
            "DIF Municipal Xalapa",
            "Hospital de Ginecología y Obstetricia Universidad Veracruzana",
            "Centro de Rehabilitación en Salud Mental",
            "Centro de Salud Dr. Gastón Melo",
            "Médica Universidad",
            "Clínica de Mérida",
            "Hospital Regional Militar",
            "Centro de Salud Temozón",
            "Hospital General de Valladolid",
            "Sanatorio San José",
            "Hospital Los Alamos",
            "CLINICA IMSS 64",
            "Clinica Shock Trauma Santiago",
            "Corrdinación Municipal Lerma",
            "Centro Medico Xalatlaco",
            "Centro Médico",
            "IMSS Clínica 9",
            "Médica Coapa",
            "Hospital del Rio",
            "Hospital Centro Médico de Xalapa",
            "IMSS Oportunidades",
            "Sanatorio Bethesda",
            "Centro de Salud de Tinum",
            "Centro Integral de Salud Mental de Yucatan",
            "Centro de Salud \"José María Morelos\"",
            "Centro de Salud Peñuelas",
            "Centro de Salud del Potrero",
            "Centro Medico San Juan Tomasquillo",
            "Médica 2002",
            "Centro de Salud de Cenotillo",
            "Centro de Salud de Uayma",
            "Centro de Salud \"Emiliano Zapata\"",
            "Centro de Salud de Tesoco",
            "Hospital privado",
            "Centro Estatal de Transfusión Sanguínea",
            "DIF Tlalnelhuayocan",
            "Centro de Salud de Sitilpech",
            "Centro de Salud de Tunkás",
            "Centro de Salud",
            "Centro de Salud Colonia San Francisco",
            "Centro de Salud de Xocempich",
            "Quiropractico",
            "Unidad Médica Rural # 31"
          ],
          "attribute": "name",
          "count": 3460,
          "type": "String"
        },
        {
          "values": [
            "6",
            "4",
            "3",
            "2",
            "1",
            "7"
          ],
          "attribute": "building:levels",
          "count": 717,
          "type": "String"
        },
        {
          "values": [
            "Ciudad de México",
            "Hermosillo",
            "Nezahualcoyotl",
            "Cuernavaca",
            "Altamira",
            "Zalatitan",
            "San Francisco del Rincón",
            "Xalapa",
            "Xalapa, Veracruz",
            "Mérida",
            "Valladolid, Yucatán",
            "Xalatlaco",
            "Reynosa"
          ],
          "attribute": "addr:city",
          "count": 765,
          "type": "String"
        },
        {
          "values": [
            "87",
            "25",
            "S/N",
            "81",
            "100",
            "512",
            "144",
            "316"
          ],
          "attribute": "addr:housenumber",
          "count": 303,
          "type": "String"
        },
        {
          "values": [
            "06760",
            "62450",
            "89603",
            "45405",
            "91020",
            "91130",
            "97070",
            "977780",
            "36300",
            "68050",
            "97783"
          ],
          "attribute": "addr:postcode",
          "count": 493,
          "type": "String"
        },
        {
          "values": [
            "Quintana Roo",
            "Av Tecnologico",
            "Tuxpan",
            "Plan de Ayala",
            "Libramiento",
            "Juarez",
            "Francisco I. Madero",
            "Ernesto Ortiz Medina",
            "Aguascalientes",
            "Circuito Colonias (Avenida Itzaes)",
            "Avenida Víctor Cervera Pacheco.",
            "calle Nicolás Bravo",
            "Paseo de la Selva",
            "Periférico Luis Echeverría Álvarez",
            "Avenida Orizaba",
            "Emiliano Zapata",
            "Calle 49"
          ],
          "attribute": "addr:street",
          "count": 713,
          "type": "String"
        },
        {
          "values": [
            "hospital",
            "clinic"
          ],
          "attribute": "amenity",
          "count": 695,
          "type": "String"
        },
        {
          "values": [
            "salud"
          ],
          "attribute": "service",
          "count": 39,
          "type": "String"
        },
        {
          "values": [
            "medica"
          ],
          "attribute": "services",
          "count": 39,
          "type": "String"
        },
        {
          "values": [
            "01 777 315 5000",
            "01 228 842 3000"
          ],
          "attribute": "phone",
          "count": 115,
          "type": "String"
        },
        {
          "values": [
            "Secretaría de Salud, Gobierno de Tamaulipas",
            "Secretaria de Salud",
            "CISAMEY",
            "IMSS"
          ],
          "attribute": "operator",
          "count": 148,
          "type": "String"
        },
        {
          "values": [
            3611735668
          ],
          "attribute": "_osm_node_id",
          "count": 12,
          "type": "Number",
          "min": 3611735668,
          "max": 3611735668
        },
        {
          "values": [
            "walktrough",
            "Bing Aerial Imagery 2012",
            "Local Knoledge Sep 2015",
            "INEGI",
            "LOCAL KNOWLEDGE",
            "Localknowledge Sep 2015",
            "Local Knowledge Sep 2015",
            "Bing & Local Knowledge Sep 2015",
            "survey 02 Octubre 2013 & dictaphone",
            "Survey Sep 2015",
            "Local Knowledge Ago 2015",
            "Local Knowledge Oct 2015"
          ],
          "attribute": "source",
          "count": 717,
          "type": "String"
        },
        {
          "values": [
            "05/10/2015"
          ],
          "attribute": "source_date",
          "count": 89,
          "type": "String"
        },
        {
          "values": [
            "Unidad Médica Familiar Numero 15"
          ],
          "attribute": "alt_name",
          "count": 68,
          "type": "String"
        },
        {
          "values": [
            "clinica 15"
          ],
          "attribute": "loc_name",
          "count": 68,
          "type": "String"
        },
        {
          "values": [
            "Instituto Mexicano del Seguro Social"
          ],
          "attribute": "official_name",
          "count": 68,
          "type": "String"
        },
        {
          "values": [
            "7"
          ],
          "attribute": "height",
          "count": 46,
          "type": "String"
        },
        {
          "values": [
            "yes"
          ],
          "attribute": "wheelchair",
          "count": 86,
          "type": "String"
        },
        {
          "values": [
            "no",
            "yes"
          ],
          "attribute": "emergency",
          "count": 75,
          "type": "String"
        },
        {
          "values": [
            "+52 951 51 3 11 69"
          ],
          "attribute": "contact:phone",
          "count": 36,
          "type": "String"
        },
        {
          "values": [
            "concret"
          ],
          "attribute": "building:material",
          "count": 21,
          "type": "String"
        }
      ],
      "geometry": "Polygon"
    }
  ]
}
