{
  "layers": [
    {
      "layer": "world_merc",
      "count": 245,
      "attributeCount": 11,
      "attributes": [
        {
          "values": [
            44,
            238174,
            8260,
            2740,
            2820,
            124670,
            20,
            273669,
            768230,
            71,
            43,
            5,
            1001,
            13017,
            2281,
            5120,
            108438,
            65755,
            11062,
            2799,
            845942,
            11063,
            527,
            909351,
            17652,
            6463,
            34150,
            226705,
            2568,
            932743,
            65209,
            4700,
            74880,
            26,
            46540,
            125920,
            223,
            103870,
            5106,
            62298,
            10982,
            403,
            24,
            924,
            4243,
            2318,
            75,
            4838,
            27684,
            99545,
            6889,
            2805,
            4239,
            10100,
            2072,
            100000,
            8245,
            7727,
            8815,
            30459,
            1827,
            1217,
            70,
            366,
            55010,
            1000,
            25767,
            6949,
            22754,
            34,
            41045,
            34895,
            55,
            12890,
            10843,
            24572,
            19685,
            2756,
            11189,
            5592,
            9210,
            10025,
            297319,
            163620,
            2171,
            29411,
            31800,
            43737,
            36450,
            1083,
            8824,
            56914,
            19180,
            12041,
            73,
            9873,
            1782,
            269970,
            23080,
            1023
          ],
          "attribute": "AREA",
          "count": 245,
          "type": "Number",
          "min": 0,
          "max": 1638094,
          "sum": 12963239
        },
        {
          "values": [
            "AC",
            "AG",
            "AJ",
            "AL",
            "AM",
            "AO",
            "AQ",
            "AR",
            "AS",
            "BA",
            "BB",
            "BD",
            "BF",
            "BG",
            "BH",
            "BK",
            "BL",
            "BM",
            "BN",
            "BP",
            "BR",
            "BU",
            "BX",
            "CA",
            "CB",
            "CE",
            "CF",
            "CG",
            "BY",
            "CH",
            "AF",
            "BT",
            "CI",
            "CJ",
            "CM",
            "CD",
            "CN",
            "CO",
            "CS",
            "CT",
            "CU",
            "CV",
            "CW",
            "CY",
            "DA",
            "DJ",
            "DO",
            "DR",
            "EC",
            "EG",
            "EI",
            "EK",
            "EN",
            "ER",
            "ES",
            "ET",
            "AU",
            "EZ",
            "FG",
            "FI",
            "FJ",
            "FK",
            "FM",
            "FP",
            "FR",
            "GA",
            "GB",
            "GG",
            "GH",
            "GJ",
            "GL",
            "GM",
            "GQ",
            "GR",
            "GT",
            "GV",
            "GY",
            "HA",
            "HO",
            "HR",
            "HU",
            "IC",
            "IN",
            "IR",
            "IS",
            "IT",
            "IV",
            "IZ",
            "JA",
            "JM",
            "JO",
            "KE",
            "KG",
            "KN",
            "KR",
            "KS",
            "KU",
            "KZ",
            "LA",
            "LE"
          ],
          "attribute": "FIPS",
          "count": 245,
          "type": "String"
        },
        {
          "values": [
            "AG",
            "DZ",
            "AZ",
            "AL",
            "AM",
            "AO",
            "AS",
            "AR",
            "AU",
            "BH",
            "BB",
            "BM",
            "BS",
            "BD",
            "BZ",
            "BA",
            "BO",
            "MM",
            "BJ",
            "SB",
            "BR",
            "BG",
            "BN",
            "CA",
            "KH",
            "LK",
            "CG",
            "CD",
            "BI",
            "CN",
            "AF",
            "BT",
            "CL",
            "KY",
            "CM",
            "TD",
            "KM",
            "CO",
            "CR",
            "CF",
            "CU",
            "CV",
            "CK",
            "CY",
            "DK",
            "DJ",
            "DM",
            "DO",
            "EC",
            "EG",
            "IE",
            "GQ",
            "EE",
            "ER",
            "SV",
            "ET",
            "AT",
            "CZ",
            "GF",
            "FI",
            "FJ",
            "FK",
            "FM",
            "PF",
            "FR",
            "GM",
            "GA",
            "GE",
            "GH",
            "GD",
            "GL",
            "DE",
            "GU",
            "GR",
            "GT",
            "GN",
            "GY",
            "HT",
            "HN",
            "HR",
            "HU",
            "IS",
            "IN",
            "IR",
            "IL",
            "IT",
            "CI",
            "IQ",
            "JP",
            "JM",
            "JO",
            "KE",
            "KG",
            "KP",
            "KI",
            "KR",
            "KW",
            "KZ",
            "LA",
            "LB"
          ],
          "attribute": "ISO2",
          "count": 245,
          "type": "String"
        },
        {
          "values": [
            "ATG",
            "DZA",
            "AZE",
            "ALB",
            "ARM",
            "AGO",
            "ASM",
            "ARG",
            "AUS",
            "BHR",
            "BRB",
            "BMU",
            "BHS",
            "BGD",
            "BLZ",
            "BIH",
            "BOL",
            "MMR",
            "BEN",
            "SLB",
            "BRA",
            "BGR",
            "BRN",
            "CAN",
            "KHM",
            "LKA",
            "COG",
            "COD",
            "BDI",
            "CHN",
            "AFG",
            "BTN",
            "CHL",
            "CYM",
            "CMR",
            "TCD",
            "COM",
            "COL",
            "CRI",
            "CAF",
            "CUB",
            "CPV",
            "COK",
            "CYP",
            "DNK",
            "DJI",
            "DMA",
            "DOM",
            "ECU",
            "EGY",
            "IRL",
            "GNQ",
            "EST",
            "ERI",
            "SLV",
            "ETH",
            "AUT",
            "CZE",
            "GUF",
            "FIN",
            "FJI",
            "FLK",
            "FSM",
            "PYF",
            "FRA",
            "GMB",
            "GAB",
            "GEO",
            "GHA",
            "GRD",
            "GRL",
            "DEU",
            "GUM",
            "GRC",
            "GTM",
            "GIN",
            "GUY",
            "HTI",
            "HND",
            "HRV",
            "HUN",
            "ISL",
            "IND",
            "IRN",
            "ISR",
            "ITA",
            "CIV",
            "IRQ",
            "JPN",
            "JAM",
            "JOR",
            "KEN",
            "KGZ",
            "PRK",
            "KIR",
            "KOR",
            "KWT",
            "KAZ",
            "LAO",
            "LBN"
          ],
          "attribute": "ISO3",
          "count": 245,
          "type": "String"
        },
        {
          "values": [
            17.078,
            28.163,
            40.43,
            41.143,
            40.534,
            -12.296,
            -14.318,
            -35.377,
            -24.973,
            26.019,
            13.153,
            32.336,
            24.628,
            24.218,
            17.219,
            44.169,
            -16.715,
            21.718,
            10.541,
            -9.611,
            -10.772,
            42.761,
            4.468,
            59.081,
            12.714,
            7.612,
            -0.055,
            -2.876,
            -3.356,
            33.42,
            33.677,
            27.415,
            -23.389,
            19.314,
            5.133,
            15.361,
            -11.758,
            3.9,
            9.971,
            6.571,
            21.297,
            15.071,
            -21.219,
            35.043,
            56.058,
            11.9,
            15.475,
            19.015,
            -1.385,
            26.494,
            53.177,
            1.607,
            58.674,
            16.045,
            13.736,
            8.626,
            47.683,
            49.743,
            3.924,
            64.504,
            -17.819,
            -51.665,
            6.883,
            -17.626,
            46.565,
            13.453,
            -0.591,
            42.176,
            7.96,
            12.118,
            74.719,
            51.11,
            13.385,
            39.666,
            15.256,
            10.439,
            4.792,
            19.142,
            14.819,
            45.723,
            47.07,
            64.764,
            21,
            32.565,
            31.026,
            42.7,
            7.632,
            33.048,
            36.491,
            18.151,
            30.703,
            0.53,
            41.465,
            39.778,
            -1.508,
            36.504,
            29.476,
            48.16,
            19.905,
            33.92
          ],
          "attribute": "LAT",
          "count": 245,
          "type": "Number",
          "min": -54.422,
          "max": 78.83,
          "sum": 4116.687999999997
        },
        {
          "values": [
            -61.783,
            2.632,
            47.395,
            20.068,
            44.563,
            17.544,
            -170.73,
            -65.167,
            136.189,
            50.562,
            -59.559,
            -64.709,
            -78.014,
            89.941,
            -88.602,
            17.786,
            -64.671,
            96.041,
            2.469,
            160.109,
            -53.089,
            25.231,
            114.591,
            -109.433,
            104.564,
            80.704,
            15.986,
            23.654,
            29.887,
            106.514,
            65.216,
            90.429,
            -69.433,
            -81.198,
            12.277,
            18.665,
            43.337,
            -73.076,
            -83.946,
            20.483,
            -77.781,
            -23.634,
            -159.782,
            33.219,
            9.264,
            42.516,
            -61.356,
            -70.729,
            -78.497,
            29.872,
            -8.152,
            10.488,
            25.793,
            38.219,
            -88.866,
            39.616,
            14.912,
            15.338,
            -53.241,
            26.272,
            177.974,
            -58.694,
            158.235,
            -149.462,
            2.55,
            -15.386,
            11.797,
            43.518,
            -1.207,
            -61.678,
            -41.391,
            9.851,
            144.707,
            21.766,
            -90.398,
            -10.942,
            -58.974,
            -72.278,
            -86.863,
            16.693,
            19.134,
            -18.48,
            78.5,
            54.301,
            34.851,
            12.8,
            -5.556,
            43.772,
            139.068,
            -77.32,
            36.319,
            37.858,
            74.555,
            126.451,
            175.036,
            128.103,
            47.376,
            67.301,
            102.471,
            35.888
          ],
          "attribute": "LON",
          "count": 245,
          "type": "Number",
          "min": -178.131,
          "max": 179.219,
          "sum": 3249.132000000001
        },
        {
          "values": [
            "Antigua and Barbuda",
            "Algeria",
            "Azerbaijan",
            "Albania",
            "Armenia",
            "Angola",
            "American Samoa",
            "Argentina",
            "Australia",
            "Bahrain",
            "Barbados",
            "Bermuda",
            "Bahamas",
            "Bangladesh",
            "Belize",
            "Bosnia and Herzegovina",
            "Bolivia",
            "Burma",
            "Benin",
            "Solomon Islands",
            "Brazil",
            "Bulgaria",
            "Brunei Darussalam",
            "Canada",
            "Cambodia",
            "Sri Lanka",
            "Congo",
            "Democratic Republic of the Congo",
            "Burundi",
            "China",
            "Afghanistan",
            "Bhutan",
            "Chile",
            "Cayman Islands",
            "Cameroon",
            "Chad",
            "Comoros",
            "Colombia",
            "Costa Rica",
            "Central African Republic",
            "Cuba",
            "Cape Verde",
            "Cook Islands",
            "Cyprus",
            "Denmark",
            "Djibouti",
            "Dominica",
            "Dominican Republic",
            "Ecuador",
            "Egypt",
            "Ireland",
            "Equatorial Guinea",
            "Estonia",
            "Eritrea",
            "El Salvador",
            "Ethiopia",
            "Austria",
            "Czech Republic",
            "French Guiana",
            "Finland",
            "Fiji",
            "Falkland Islands (Malvinas)",
            "Micronesia, Federated States of",
            "French Polynesia",
            "France",
            "Gambia",
            "Gabon",
            "Georgia",
            "Ghana",
            "Grenada",
            "Greenland",
            "Germany",
            "Guam",
            "Greece",
            "Guatemala",
            "Guinea",
            "Guyana",
            "Haiti",
            "Honduras",
            "Croatia",
            "Hungary",
            "Iceland",
            "India",
            "Iran (Islamic Republic of)",
            "Israel",
            "Italy",
            "Cote d'Ivoire",
            "Iraq",
            "Japan",
            "Jamaica",
            "Jordan",
            "Kenya",
            "Kyrgyzstan",
            "Korea, Democratic People's Republic of",
            "Kiribati",
            "Korea, Republic of",
            "Kuwait",
            "Kazakhstan",
            "Lao People's Democratic Republic",
            "Lebanon"
          ],
          "attribute": "NAME",
          "count": 245,
          "type": "String"
        },
        {
          "values": [
            83039,
            32854159,
            8352021,
            3153731,
            3017661,
            16095214,
            64051,
            38747148,
            20310208,
            724788,
            291933,
            64174,
            323295,
            15328112,
            275546,
            3915238,
            9182015,
            47967266,
            8490301,
            472419,
            186830759,
            7744591,
            373831,
            32270507,
            13955507,
            19120763,
            3609851,
            58740547,
            7858791,
            1312978855,
            25067407,
            637013,
            16295102,
            45591,
            17795149,
            10145609,
            797902,
            4494579,
            4327228,
            4191429,
            11259905,
            506807,
            13984,
            836321,
            5416945,
            804206,
            67827,
            9469601,
            13060993,
            72849793,
            4143294,
            484098,
            1344312,
            4526722,
            6668356,
            78985857,
            8291979,
            10191762,
            192099,
            5246004,
            828046,
            2975,
            110058,
            255632,
            60990544,
            1617029,
            1290693,
            4473409,
            2253501,
            105237,
            57475,
            82652369,
            16857,
            11099737,
            12709564,
            9002656,
            739472,
            9296291,
            683411,
            455149,
            10086387,
            295732,
            1134403141,
            69420607,
            6692037,
            5864636,
            18584701,
            27995984,
            127896740,
            2682469,
            5544066,
            35598952,
            5203547,
            23615611,
            92003,
            47869837,
            2700,
            15210609,
            566391,
            401074
          ],
          "attribute": "POP2005",
          "count": 245,
          "type": "Number",
          "min": 0,
          "max": 1312978855,
          "sum": 6171721574
        },
        {
          "values": [
            19,
            2,
            142,
            150,
            9,
            0
          ],
          "attribute": "REGION",
          "count": 245,
          "type": "Number",
          "min": 0,
          "max": 150,
          "sum": 16096
        },
        {
          "values": [
            29,
            15,
            145,
            39,
            17,
            61,
            5,
            53,
            21,
            34,
            13,
            35,
            11,
            54,
            151,
            14,
            30,
            154,
            155,
            57,
            143,
            0,
            18
          ],
          "attribute": "SUBREGION",
          "count": 245,
          "type": "Number",
          "min": 0,
          "max": 155,
          "sum": 13491
        },
        {
          "values": [
            28,
            12,
            31,
            8,
            51,
            24,
            16,
            32,
            36,
            48,
            52,
            60,
            44,
            50,
            84,
            70,
            68,
            104,
            204,
            90,
            76,
            100,
            96,
            124,
            116,
            144,
            178,
            180,
            108,
            156,
            4,
            64,
            152,
            136,
            120,
            148,
            174,
            170,
            188,
            140,
            192,
            132,
            184,
            196,
            208,
            262,
            212,
            214,
            218,
            818,
            372,
            226,
            233,
            232,
            222,
            231,
            40,
            203,
            254,
            246,
            242,
            238,
            583,
            258,
            250,
            270,
            266,
            268,
            288,
            308,
            304,
            276,
            316,
            300,
            320,
            324,
            328,
            332,
            340,
            191,
            348,
            352,
            356,
            364,
            376,
            380,
            384,
            368,
            392,
            388,
            400,
            404,
            417,
            408,
            296,
            410,
            414,
            398,
            418,
            422
          ],
          "attribute": "UN",
          "count": 245,
          "type": "Number",
          "min": 4,
          "max": 894,
          "sum": 106224
        }
      ],
      "geometry": "Polygon"
    }
  ]
}
